// Jest Snapshot v1, https://goo.gl/fbAQLP

exports[`Index renders the page unchanged 1`] = `
<div>
  <div
    class="container"
  >
    <div
      class="mainContent"
    >
      <div
        class="noContents"
      >
        There are no contents yet
      </div>
      <footer>
        <div
          class="nextPageLink"
        />
      </footer>
    </div>
    <div
      class="subContent"
    >
      <a
        id="Recommended"
      />
      <div
        class="blogPostLink"
      >
        <h3>
          Recommended
        </h3>
        <div
          class="noContents"
        >
          There are no contents yet
        </div>
      </div>
      <div
        class="blogTagLink"
      >
        <h3>
          Categories
        </h3>
        <div
          class="noContents"
        >
          There are no contents yet
        </div>
      </div>
    </div>
  </div>
</div>
`;
